Microchip MPLAB XC8 Compiler V1.36 ()

Linker command line:

-W-3 --edf=C:\Program Files\Microchip\xc8\v1.36\dat\en_msgs.txt -cs \
  -h+dist/default/production\first_project.X.production.sym \
  --cmf=dist/default/production\first_project.X.production.cmf -z -Q16F877A \
  -oC:\Users\hp\AppData\Local\Temp\s44s.2 \
  -Mdist/default/production/first_project.X.production.map -E1 -ver=XC8 \
  -ASTACK=0110h-016fh -pstack=STACK -ACODE=00h-07FFhx4 -ASTRCODE=00h-01FFFh \
  -ASTRING=00h-0FFhx32 -ACONST=00h-0FFhx32 -AENTRY=00h-0FFhx32 \
  -ACOMMON=070h-07Fh -ABANK0=020h-06Fh -ABANK1=0A0h-0EFh \
  -ABANK2=0110h-016Fh -ABANK3=0190h-01EFh \
  -ARAM=020h-06Fh,0A0h-0EFh,0110h-016Fh,0190h-01EFh \
  -AABS1=020h-07Fh,0A0h-0EFh,0110h-016Fh,0190h-01EFh -ASFR0=00h-01Fh \
  -ASFR1=080h-09Fh -ASFR2=0100h-010Fh -ASFR3=0180h-018Fh \
  -preset_vec=00h,intentry,init,end_init -ppowerup=CODE -pcinit=CODE \
  -pfunctab=CODE -ACONFIG=02007h-02007h -pconfig=CONFIG -DCONFIG=2 \
  -AIDLOC=02000h-02003h -pidloc=IDLOC -DIDLOC=2 -AEEDATA=00h-0FFh/02100h \
  -peeprom_data=EEDATA -DEEDATA=2 -DCODE=2 -DSTRCODE=2 -DSTRING=2 -DCONST=2 \
  -DENTRY=2 -k C:\Users\hp\AppData\Local\Temp\s44s.obj \
  dist/default/production\first_project.X.production.obj 

Object code version is 3.11

Machine type is 16F877A



                Name                               Link     Load   Length Selector   Space Scale
C:\Users\hp\AppData\Local\Temp\s44s.obj
                end_init                              0        0        3        0       0
                config                             2007     2007        1     400E       0
dist/default/production\first_project.X.production.obj
                cinit                               7EA      7EA       16      FD4       0
                text2                               719      719        9      E32       0
                text1                               722      722       10      E44       0
                maintext                            732      732       B8      E64       0
                dataCOMMON                           78       78        2       70       1
                bssCOMMON                            70       70        8       70       1
                idataCOMMON                         717      717        2      E2E       0

TOTAL           Name                               Link     Load   Length     Space
        CLASS   STACK          

        CLASS   CODE           
                end_init                              0        0        3         0
                cinit                               7EA      7EA       16         0
                text2                               719      719        9         0
                text1                               722      722       10         0
                maintext                            732      732       B8         0
                idataCOMMON                         717      717        2         0

        CLASS   STRCODE        

        CLASS   STRING         

        CLASS   CONST          

        CLASS   ENTRY          

        CLASS   COMMON         
                dataCOMMON                           78       78        2         1
                bssCOMMON                            70       70        8         1

        CLASS   BANK0          

        CLASS   BANK1          

        CLASS   BANK2          

        CLASS   BANK3          

        CLASS   RAM            

        CLASS   ABS1           
                abs_s1                               7E       7E        2         1

        CLASS   SFR0           

        CLASS   SFR1           

        CLASS   SFR2           

        CLASS   SFR3           

        CLASS   CONFIG         
                config                             2007     2007        1         0

        CLASS   IDLOC          

        CLASS   EEDATA         



SEGMENTS        Name                           Load    Length   Top    Selector   Space  Class     Delta

                reset_vec                      000000  000003  000003         0       0  CODE        2
                bssCOMMON                      000070  00000A  00007A        70       1  COMMON      1
                idataCOMMON                    000717  000002  000719       E2E       0  CODE        2
                text2                          000719  000009  000722       E32       0  CODE        2
                text1                          000722  000010  000732       E44       0  CODE        2
                maintext                       000732  0000B8  0007EA       E64       0  CODE        2
                cinit                          0007EA  000016  000800       FD4       0  CODE        2
                config                         002007  000001  002008      400E       0  CONFIG      2


UNUSED ADDRESS RANGES

        Name                Unused          Largest block    Delta
        BANK0            0020-006F             50           1
        BANK1            00A0-00EF             50           1
        BANK2            0110-016F             60           1
        BANK3            0190-01EF             60           1
        CODE             0003-0716            714           2
                         0800-1FFF            800
        COMMON           007A-007D              4           1
        CONST            0003-0716            100           2
                         0800-1FFF            100
        EEDATA           2100-21FF            100           2
        ENTRY            0003-0716            100           2
                         0800-1FFF            100
        IDLOC            2000-2003              4           2
        RAM              0020-006F             50           1
                         00A0-00EF             50
                         0110-016F             60
                         0190-01EF             60
        SFR0             0000-001F             20           1
        SFR1             0080-009F             20           1
        SFR2             0100-010F             10           1
        SFR3             0180-018F             10           1
        STACK            0110-016F             60           1
        STRCODE          0003-0716            714           2
                         0800-1FFF           1800
        STRING           0003-0716            100           2
                         0800-1FFF            100

                                  Symbol Table

_GIE                     (abs)        005F
_Intialization           text2        0719
_PEIE                    (abs)        005E
_PORTB                   (abs)        0006
_PORTD                   (abs)        0008
_RB4                     (abs)        0034
_RB5                     (abs)        0035
_RB6                     (abs)        0036
_RB7                     (abs)        0037
_T1CKPS0                 (abs)        0084
_T1CKPS1                 (abs)        0085
_TMR1                    (abs)        000E
_TMR1CS                  (abs)        0081
_TMR1IE                  (abs)        0460
_TMR1IF                  (abs)        0060
_TMR1ON                  (abs)        0080
_TRISB                   (abs)        0086
_TRISD                   (abs)        0088
_Timer1                  text1        0722
__CFG_BOREN$ON           (abs)        0000
__CFG_CP$OFF             (abs)        0000
__CFG_CPD$OFF            (abs)        0000
__CFG_FOSC$XT            (abs)        0000
__CFG_LVP$OFF            (abs)        0000
__CFG_PWRTE$ON           (abs)        0000
__CFG_WDTE$OFF           (abs)        0000
__CFG_WRT$OFF            (abs)        0000
__Habs1                  abs1         0000
__Hbank0                 bank0        0000
__Hbank1                 bank1        0000
__Hbank2                 bank2        0000
__Hbank3                 bank3        0000
__HbssCOMMON             bssCOMMON    0000
__Hcinit                 cinit        0800
__Hclrtext               clrtext      0000
__Hcode                  code         0000
__Hcommon                common       0000
__Hconfig                config       2008
__HcstackCOMMON          cstackCOMMON 0000
__HdataCOMMON            dataCOMMON   0000
__Heeprom_data           eeprom_data  0000
__Hend_init              end_init     0003
__Hfunctab               functab      0000
__HidataCOMMON           idataCOMMON  0000
__Hidloc                 idloc        0000
__Hinit                  init         0000
__Hintentry              intentry     0000
__Hmaintext              maintext     0000
__Hpowerup               powerup      0000
__Hram                   ram          0000
__Hreset_vec             reset_vec    0000
__Hsfr0                  sfr0         0000
__Hsfr1                  sfr1         0000
__Hsfr2                  sfr2         0000
__Hsfr3                  sfr3         0000
__Hspace_0               (abs)        2008
__Hspace_1               (abs)        007A
__Hspace_2               (abs)        0000
__Hspace_3               (abs)        0000
__Hstack                 stack        0000
__Hstrings               strings      0000
__Htext                  text         0000
__Labs1                  abs1         0000
__Lbank0                 bank0        0000
__Lbank1                 bank1        0000
__Lbank2                 bank2        0000
__Lbank3                 bank3        0000
__LbssCOMMON             bssCOMMON    0000
__Lcinit                 cinit        07EA
__Lclrtext               clrtext      0000
__Lcode                  code         0000
__Lcommon                common       0000
__Lconfig                config       2007
__LcstackCOMMON          cstackCOMMON 0000
__LdataCOMMON            dataCOMMON   0000
__Leeprom_data           eeprom_data  0000
__Lend_init              end_init     0000
__Lfunctab               functab      0000
__LidataCOMMON           idataCOMMON  0000
__Lidloc                 idloc        0000
__Linit                  init         0000
__Lintentry              intentry     0000
__Lmaintext              maintext     0000
__Lpowerup               powerup      0000
__Lram                   ram          0000
__Lreset_vec             reset_vec    0000
__Lsfr0                  sfr0         0000
__Lsfr1                  sfr1         0000
__Lsfr2                  sfr2         0000
__Lsfr3                  sfr3         0000
__Lspace_0               (abs)        0000
__Lspace_1               (abs)        0000
__Lspace_2               (abs)        0000
__Lspace_3               (abs)        0000
__Lstack                 stack        0000
__Lstrings               strings      0000
__Ltext                  text         0000
__S0                     (abs)        2008
__S1                     (abs)        007A
__S2                     (abs)        0000
__S3                     (abs)        0000
___int_sp                stack        0000
___latbits               (abs)        0002
___sp                    stack        0000
__end_of_Intialization   text2        0722
__end_of_Timer1          text1        0732
__end_of__initialization cinit        07FC
__end_of_main            maintext     07EA
__initialization         cinit        07EA
__pbssCOMMON             bssCOMMON    0070
__pcstackCOMMON          cstackCOMMON 0000
__pdataCOMMON            dataCOMMON   0078
__pidataCOMMON           idataCOMMON  0717
__pmaintext              maintext     0732
__ptext1                 text1        0722
__ptext2                 text2        0719
__size_of_Intialization  (abs)        0000
__size_of_Timer1         (abs)        0000
__size_of_main           (abs)        0000
_c                       bssCOMMON    0070
_main                    maintext     0732
_next                    dataCOMMON   0078
_time_out                bssCOMMON    0072
_time_out1               bssCOMMON    0074
_time_out2               bssCOMMON    0076
btemp                    (abs)        007E
end_of_initialization    cinit        07FC
intlevel0                functab      0000
intlevel1                functab      0000
intlevel2                functab      0000
intlevel3                functab      0000
intlevel4                functab      0000
intlevel5                functab      0000
ltemp                    (abs)        007E
ltemp0                   (abs)        007E
ltemp1                   (abs)        0082
ltemp2                   (abs)        0086
ltemp3                   (abs)        0080
reset_vec                reset_vec    0000
stackhi                  (abs)        0000
stacklo                  (abs)        0000
start                    init         0000
start_initialization     cinit        07EA
ttemp                    (abs)        007E
ttemp0                   (abs)        007E
ttemp1                   (abs)        0081
ttemp2                   (abs)        0084
ttemp3                   (abs)        0087
ttemp4                   (abs)        007F
wtemp                    (abs)        007E
wtemp0                   (abs)        007E
wtemp1                   (abs)        0080
wtemp2                   (abs)        0082
wtemp3                   (abs)        0084
wtemp4                   (abs)        0086
wtemp5                   (abs)        0088
wtemp6                   (abs)        007F


FUNCTION INFORMATION:

 *************** function _main *****************
 Defined at:
		line 14 in file "main.c"
 Parameters:    Size  Location     Type
		None
 Auto vars:     Size  Location     Type
		None
 Return value:  Size  Location     Type
                  1    wreg      void 
 Registers used:
		wreg, status,2, status,0, pclath, cstack
 Tracked objects:
		On entry : 
		On exit  : 
		Unchanged: 
 Data sizes:     COMMON   BANK0   BANK1   BANK3   BANK2
      Params:         0       0       0       0       0
      Locals:         0       0       0       0       0
      Temps:          0       0       0       0       0
      Totals:         0       0       0       0       0
Total ram usage:        0 bytes
 Hardware stack levels required when called:    1
 This function calls:
		_Intialization
		_Timer1
 This function is called by:
		Startup code after reset
 This function uses a non-reentrant model


 *************** function _Timer1 *****************
 Defined at:
		line 112 in file "main.c"
 Parameters:    Size  Location     Type
		None
 Auto vars:     Size  Location     Type
		None
 Return value:  Size  Location     Type
                  1    wreg      void 
 Registers used:
		None
 Tracked objects:
		On entry : 
		On exit  : 
		Unchanged: 
 Data sizes:     COMMON   BANK0   BANK1   BANK3   BANK2
      Params:         0       0       0       0       0
      Locals:         0       0       0       0       0
      Temps:          0       0       0       0       0
      Totals:         0       0       0       0       0
Total ram usage:        0 bytes
 Hardware stack levels used:    1
 This function calls:
		Nothing
 This function is called by:
		_main
 This function uses a non-reentrant model


 *************** function _Intialization *****************
 Defined at:
		line 131 in file "main.c"
 Parameters:    Size  Location     Type
		None
 Auto vars:     Size  Location     Type
		None
 Return value:  Size  Location     Type
                  1    wreg      void 
 Registers used:
		status,2
 Tracked objects:
		On entry : 
		On exit  : 
		Unchanged: 
 Data sizes:     COMMON   BANK0   BANK1   BANK3   BANK2
      Params:         0       0       0       0       0
      Locals:         0       0       0       0       0
      Temps:          0       0       0       0       0
      Totals:         0       0       0       0       0
Total ram usage:        0 bytes
 Hardware stack levels used:    1
 This function calls:
		Nothing
 This function is called by:
		_main
 This function uses a non-reentrant model



MODULE INFORMATION

Module		Function		Class		Link	Load	Size
shared
		__initialization		CODE           	07EA	0000	19

shared estimated size: 19

main.c
		_Timer1        		CODE           	0722	0000	17
		_main          		CODE           	0732	0000	185
		_Intialization 		CODE           	0719	0000	10

main.c estimated size: 212

